Archive member included because of file (symbol)

f:/new_folder/windows/new_folder/new_folder/sdk_win_64/winavr/bin/../lib/gcc/avr/4.3.3/avr5\libgcc.a(_exit.o)
                              f:/new_folder/windows/new_folder/new_folder/sdk_win_64/winavr/bin/../lib/gcc/avr/4.3.3/../../../../avr/lib/avr5/crtm32.o (exit)
f:/new_folder/windows/new_folder/new_folder/sdk_win_64/winavr/bin/../lib/gcc/avr/4.3.3/avr5\libgcc.a(_copy_data.o)
                              ./LED_config.o (__do_copy_data)

Memory Configuration

Name             Origin             Length             Attributes
text             0x00000000         0x00020000         xr
data             0x00800060         0x0000ffa0         rw !x
eeprom           0x00810000         0x00010000         rw !x
fuse             0x00820000         0x00000400         rw !x
lock             0x00830000         0x00000400         rw !x
signature        0x00840000         0x00000400         rw !x
*default*        0x00000000         0xffffffff

Linker script and memory map

LOAD f:/new_folder/windows/new_folder/new_folder/sdk_win_64/winavr/bin/../lib/gcc/avr/4.3.3/../../../../avr/lib/avr5/crtm32.o
LOAD ./DIO_prog.o
LOAD ./LED_config.o
LOAD ./LED_prog.o
LOAD ./SW_config.o
LOAD ./SW_prog.o
LOAD ./main.o
LOAD f:/new_folder/windows/new_folder/new_folder/sdk_win_64/winavr/bin/../lib/gcc/avr/4.3.3/avr5\libgcc.a
LOAD f:/new_folder/windows/new_folder/new_folder/sdk_win_64/winavr/bin/../lib/gcc/avr/4.3.3/../../../../avr/lib/avr5\libc.a
LOAD f:/new_folder/windows/new_folder/new_folder/sdk_win_64/winavr/bin/../lib/gcc/avr/4.3.3/avr5\libgcc.a

.hash
 *(.hash)

.dynsym
 *(.dynsym)

.dynstr
 *(.dynstr)

.gnu.version
 *(.gnu.version)

.gnu.version_d
 *(.gnu.version_d)

.gnu.version_r
 *(.gnu.version_r)

.rel.init
 *(.rel.init)

.rela.init
 *(.rela.init)

.rel.text
 *(.rel.text)
 *(.rel.text.*)
 *(.rel.gnu.linkonce.t*)

.rela.text
 *(.rela.text)
 *(.rela.text.*)
 *(.rela.gnu.linkonce.t*)

.rel.fini
 *(.rel.fini)

.rela.fini
 *(.rela.fini)

.rel.rodata
 *(.rel.rodata)
 *(.rel.rodata.*)
 *(.rel.gnu.linkonce.r*)

.rela.rodata
 *(.rela.rodata)
 *(.rela.rodata.*)
 *(.rela.gnu.linkonce.r*)

.rel.data
 *(.rel.data)
 *(.rel.data.*)
 *(.rel.gnu.linkonce.d*)

.rela.data
 *(.rela.data)
 *(.rela.data.*)
 *(.rela.gnu.linkonce.d*)

.rel.ctors
 *(.rel.ctors)

.rela.ctors
 *(.rela.ctors)

.rel.dtors
 *(.rel.dtors)

.rela.dtors
 *(.rela.dtors)

.rel.got
 *(.rel.got)

.rela.got
 *(.rela.got)

.rel.bss
 *(.rel.bss)

.rela.bss
 *(.rela.bss)

.rel.plt
 *(.rel.plt)

.rela.plt
 *(.rela.plt)

.text           0x00000000      0xd7a
 *(.vectors)
 .vectors       0x00000000       0x54 f:/new_folder/windows/new_folder/new_folder/sdk_win_64/winavr/bin/../lib/gcc/avr/4.3.3/../../../../avr/lib/avr5/crtm32.o
                0x00000000                __vectors
                0x00000000                __vector_default
 *(.vectors)
 *(.progmem.gcc*)
 *(.progmem*)
                0x00000054                . = ALIGN (0x2)
                0x00000054                __trampolines_start = .
 *(.trampolines)
 .trampolines   0x00000054        0x0 linker stubs
 *(.trampolines*)
                0x00000054                __trampolines_end = .
 *(.jumptables)
 *(.jumptables*)
 *(.lowtext)
 *(.lowtext*)
                0x00000054                __ctors_start = .
 *(.ctors)
                0x00000054                __ctors_end = .
                0x00000054                __dtors_start = .
 *(.dtors)
                0x00000054                __dtors_end = .
 SORT(*)(.ctors)
 SORT(*)(.dtors)
 *(.init0)
 .init0         0x00000054        0x0 f:/new_folder/windows/new_folder/new_folder/sdk_win_64/winavr/bin/../lib/gcc/avr/4.3.3/../../../../avr/lib/avr5/crtm32.o
                0x00000054                __init
 *(.init0)
 *(.init1)
 *(.init1)
 *(.init2)
 .init2         0x00000054        0xc f:/new_folder/windows/new_folder/new_folder/sdk_win_64/winavr/bin/../lib/gcc/avr/4.3.3/../../../../avr/lib/avr5/crtm32.o
 *(.init2)
 *(.init3)
 *(.init3)
 *(.init4)
 .init4         0x00000060       0x16 f:/new_folder/windows/new_folder/new_folder/sdk_win_64/winavr/bin/../lib/gcc/avr/4.3.3/avr5\libgcc.a(_copy_data.o)
                0x00000060                __do_copy_data
 *(.init4)
 *(.init5)
 *(.init5)
 *(.init6)
 *(.init6)
 *(.init7)
 *(.init7)
 *(.init8)
 *(.init8)
 *(.init9)
 .init9         0x00000076        0x8 f:/new_folder/windows/new_folder/new_folder/sdk_win_64/winavr/bin/../lib/gcc/avr/4.3.3/../../../../avr/lib/avr5/crtm32.o
 *(.init9)
 *(.text)
 .text          0x0000007e        0x4 f:/new_folder/windows/new_folder/new_folder/sdk_win_64/winavr/bin/../lib/gcc/avr/4.3.3/../../../../avr/lib/avr5/crtm32.o
                0x0000007e                __vector_1
                0x0000007e                __vector_12
                0x0000007e                __bad_interrupt
                0x0000007e                __vector_6
                0x0000007e                __vector_3
                0x0000007e                __vector_11
                0x0000007e                __vector_13
                0x0000007e                __vector_17
                0x0000007e                __vector_19
                0x0000007e                __vector_7
                0x0000007e                __vector_5
                0x0000007e                __vector_4
                0x0000007e                __vector_9
                0x0000007e                __vector_2
                0x0000007e                __vector_15
                0x0000007e                __vector_8
                0x0000007e                __vector_14
                0x0000007e                __vector_10
                0x0000007e                __vector_16
                0x0000007e                __vector_18
                0x0000007e                __vector_20
 .text          0x00000082        0x0 ./DIO_prog.o
 .text          0x00000082        0x0 ./LED_config.o
 .text          0x00000082        0x0 ./LED_prog.o
 .text          0x00000082        0x0 ./SW_config.o
 .text          0x00000082        0x0 ./SW_prog.o
 .text          0x00000082        0x0 ./main.o
 .text          0x00000082        0x0 f:/new_folder/windows/new_folder/new_folder/sdk_win_64/winavr/bin/../lib/gcc/avr/4.3.3/avr5\libgcc.a(_exit.o)
 .text          0x00000082        0x0 f:/new_folder/windows/new_folder/new_folder/sdk_win_64/winavr/bin/../lib/gcc/avr/4.3.3/avr5\libgcc.a(_copy_data.o)
                0x00000082                . = ALIGN (0x2)
 *(.text.*)
 .text.DIO_intial
                0x00000082       0x34 ./DIO_prog.o
                0x00000082                DIO_intial
 .text.DIO_PortDir
                0x000000b6       0x9a ./DIO_prog.o
                0x000000b6                DIO_PortDir
 .text.DIO_PortValue
                0x00000150       0x9a ./DIO_prog.o
                0x00000150                DIO_PortValue
 .text.DIO_PortToggel
                0x000001ea       0xae ./DIO_prog.o
                0x000001ea                DIO_PortToggel
 .text.DIO_PortRead
                0x00000298       0xc6 ./DIO_prog.o
                0x00000298                DIO_PortRead
 .text.DIO_PinDir
                0x0000035e      0x1d0 ./DIO_prog.o
                0x0000035e                DIO_PinDir
 .text.DIO_PinValue
                0x0000052e      0x1d0 ./DIO_prog.o
                0x0000052e                DIO_PinValue
 .text.DIO_PinToggel
                0x000006fe      0x11c ./DIO_prog.o
                0x000006fe                DIO_PinToggel
 .text.DIO_PinRead
                0x0000081a      0x13c ./DIO_prog.o
                0x0000081a                DIO_PinRead
 .text.LEDinit  0x00000956      0x186 ./LED_prog.o
                0x00000956                LEDinit
 .text.LEDON    0x00000adc       0x76 ./LED_prog.o
                0x00000adc                LEDON
 .text.LEDOFF   0x00000b52       0x76 ./LED_prog.o
                0x00000b52                LEDOFF
 .text.Switch_enumInit
                0x00000bc8      0x106 ./SW_prog.o
                0x00000bc8                Switch_enumInit
 .text.Switch_enumGetState
                0x00000cce       0x5a ./SW_prog.o
                0x00000cce                Switch_enumGetState
 .text.main     0x00000d28       0x4e ./main.o
                0x00000d28                main
 .text.libgcc   0x00000d76        0x0 f:/new_folder/windows/new_folder/new_folder/sdk_win_64/winavr/bin/../lib/gcc/avr/4.3.3/avr5\libgcc.a(_exit.o)
 .text.libgcc   0x00000d76        0x0 f:/new_folder/windows/new_folder/new_folder/sdk_win_64/winavr/bin/../lib/gcc/avr/4.3.3/avr5\libgcc.a(_copy_data.o)
                0x00000d76                . = ALIGN (0x2)
 *(.fini9)
 .fini9         0x00000d76        0x0 f:/new_folder/windows/new_folder/new_folder/sdk_win_64/winavr/bin/../lib/gcc/avr/4.3.3/avr5\libgcc.a(_exit.o)
                0x00000d76                exit
                0x00000d76                _exit
 *(.fini9)
 *(.fini8)
 *(.fini8)
 *(.fini7)
 *(.fini7)
 *(.fini6)
 *(.fini6)
 *(.fini5)
 *(.fini5)
 *(.fini4)
 *(.fini4)
 *(.fini3)
 *(.fini3)
 *(.fini2)
 *(.fini2)
 *(.fini1)
 *(.fini1)
 *(.fini0)
 .fini0         0x00000d76        0x4 f:/new_folder/windows/new_folder/new_folder/sdk_win_64/winavr/bin/../lib/gcc/avr/4.3.3/avr5\libgcc.a(_exit.o)
 *(.fini0)
                0x00000d7a                _etext = .

.data           0x00800060       0x16 load address 0x00000d7a
                0x00800060                PROVIDE (__data_start, .)
 *(.data)
 .data          0x00800060        0x0 f:/new_folder/windows/new_folder/new_folder/sdk_win_64/winavr/bin/../lib/gcc/avr/4.3.3/../../../../avr/lib/avr5/crtm32.o
 .data          0x00800060        0x0 ./DIO_prog.o
 .data          0x00800060        0x0 ./LED_config.o
 .data          0x00800060        0x0 ./LED_prog.o
 .data          0x00800060        0x0 ./SW_config.o
 .data          0x00800060        0x0 ./SW_prog.o
 .data          0x00800060        0x0 ./main.o
 .data          0x00800060        0x0 f:/new_folder/windows/new_folder/new_folder/sdk_win_64/winavr/bin/../lib/gcc/avr/4.3.3/avr5\libgcc.a(_exit.o)
 .data          0x00800060        0x0 f:/new_folder/windows/new_folder/new_folder/sdk_win_64/winavr/bin/../lib/gcc/avr/4.3.3/avr5\libgcc.a(_copy_data.o)
 *(.data*)
 .data.LED_AstrConfig
                0x00800060        0xc ./LED_config.o
                0x00800060                LED_AstrConfig
 .data.switch_AstrSwitchState
                0x0080006c        0x9 ./SW_config.o
                0x0080006c                switch_AstrSwitchState
 *(.rodata)
 *(.rodata*)
 *(.gnu.linkonce.d*)
                0x00800076                . = ALIGN (0x2)
 *fill*         0x00800075        0x1 00
                0x00800076                _edata = .
                0x00800076                PROVIDE (__data_end, .)

.bss            0x00800076        0x0
                0x00800076                PROVIDE (__bss_start, .)
 *(.bss)
 .bss           0x00800076        0x0 f:/new_folder/windows/new_folder/new_folder/sdk_win_64/winavr/bin/../lib/gcc/avr/4.3.3/../../../../avr/lib/avr5/crtm32.o
 .bss           0x00800076        0x0 ./DIO_prog.o
 .bss           0x00800076        0x0 ./LED_config.o
 .bss           0x00800076        0x0 ./LED_prog.o
 .bss           0x00800076        0x0 ./SW_config.o
 .bss           0x00800076        0x0 ./SW_prog.o
 .bss           0x00800076        0x0 ./main.o
 .bss           0x00800076        0x0 f:/new_folder/windows/new_folder/new_folder/sdk_win_64/winavr/bin/../lib/gcc/avr/4.3.3/avr5\libgcc.a(_exit.o)
 .bss           0x00800076        0x0 f:/new_folder/windows/new_folder/new_folder/sdk_win_64/winavr/bin/../lib/gcc/avr/4.3.3/avr5\libgcc.a(_copy_data.o)
 *(.bss*)
 *(COMMON)
                0x00800076                PROVIDE (__bss_end, .)
                0x00000d7a                __data_load_start = LOADADDR (.data)
                0x00000d90                __data_load_end = (__data_load_start + SIZEOF (.data))

.noinit         0x00800076        0x0
                0x00800076                PROVIDE (__noinit_start, .)
 *(.noinit*)
                0x00800076                PROVIDE (__noinit_end, .)
                0x00800076                _end = .
                0x00800076                PROVIDE (__heap_start, .)

.eeprom         0x00810000        0x0
 *(.eeprom*)
                0x00810000                __eeprom_end = .

.fuse
 *(.fuse)
 *(.lfuse)
 *(.hfuse)
 *(.efuse)

.lock
 *(.lock*)

.signature
 *(.signature*)

.stab           0x00000000     0x15e4
 *(.stab)
 .stab          0x00000000      0x9e4 ./DIO_prog.o
 .stab          0x000009e4      0x120 ./LED_config.o
                                0x1c8 (size before relaxing)
 .stab          0x00000b04      0x39c ./LED_prog.o
                                0x45c (size before relaxing)
 .stab          0x00000ea0      0x138 ./SW_config.o
                                0x1e0 (size before relaxing)
 .stab          0x00000fd8      0x27c ./SW_prog.o
                                0x33c (size before relaxing)
 .stab          0x00001254      0x390 ./main.o
                                0x468 (size before relaxing)

.stabstr        0x00000000      0xd23
 *(.stabstr)
 .stabstr       0x00000000      0xd23 ./DIO_prog.o

.stab.excl
 *(.stab.excl)

.stab.exclstr
 *(.stab.exclstr)

.stab.index
 *(.stab.index)

.stab.indexstr
 *(.stab.indexstr)

.comment
 *(.comment)

.debug
 *(.debug)

.line
 *(.line)

.debug_srcinfo
 *(.debug_srcinfo)

.debug_sfnames
 *(.debug_sfnames)

.debug_aranges
 *(.debug_aranges)

.debug_pubnames
 *(.debug_pubnames)

.debug_info
 *(.debug_info)
 *(.gnu.linkonce.wi.*)

.debug_abbrev
 *(.debug_abbrev)

.debug_line
 *(.debug_line)

.debug_frame
 *(.debug_frame)

.debug_str
 *(.debug_str)

.debug_loc
 *(.debug_loc)

.debug_macinfo
 *(.debug_macinfo)
OUTPUT(HAL.elf elf32-avr)
LOAD linker stubs
